# Le desert de la mort!
20 20 100
# ligne 0
ROCHE
ROCHE
ROCHE
ROCHE
ROCHE
ROCHE
ROCHE
ROCHE
ROCHE
ROCHE
ROCHE
ROCHE
ROCHE
ROCHE
ROCHE
ROCHE
ROCHE
ROCHE
ROCHE
ROCHE
# ligne 1
ROCHE
ROCHE
ROCHE
ROCHE
ROCHE
ROCHE
ROCHE
ROCHE
ROCHE
ROCHE
ROCHE
ROCHE
ROCHE
ROCHE
ROCHE
ROCHE
ROCHE
ROCHE
ROCHE
ROCHE
# ligne 2
ROCHE
ROCHE
ROCHE
ROCHE
ROCHE
ROCHE
ROCHE
ROCHE
ROCHE
ROCHE
ROCHE
ROCHE
ROCHE
ROCHE
ROCHE
ROCHE
ROCHE
ROCHE
ROCHE
ROCHE
# ligne 3
ROCHE
ROCHE
ROCHE
ROCHE
TERRAIN_LIBRE
ROCHE
ROCHE
ROCHE
ROCHE
ROCHE
ROCHE
ROCHE
ROCHE
ROCHE
TERRAIN_LIBRE
ROCHE
ROCHE
ROCHE
ROCHE
ROCHE
# ligne 4
ROCHE
ROCHE
ROCHE
TERRAIN_LIBRE
TERRAIN_LIBRE
ROCHE
ROCHE
ROCHE
ROCHE
ROCHE
ROCHE
ROCHE
ROCHE
ROCHE
TERRAIN_LIBRE
TERRAIN_LIBRE
ROCHE
ROCHE
ROCHE
ROCHE
# ligne 5
ROCHE
ROCHE
ROCHE
ROCHE
ROCHE
TERRAIN_LIBRE
ROCHE
TERRAIN_LIBRE
TERRAIN_LIBRE
TERRAIN_LIBRE
TERRAIN_LIBRE
TERRAIN_LIBRE
ROCHE
TERRAIN_LIBRE
ROCHE
ROCHE
ROCHE
ROCHE
ROCHE
ROCHE
# ligne 6
ROCHE
ROCHE
ROCHE
ROCHE
ROCHE
ROCHE
TERRAIN_LIBRE
TERRAIN_LIBRE
TERRAIN_LIBRE
TERRAIN_LIBRE
TERRAIN_LIBRE
TERRAIN_LIBRE
TERRAIN_LIBRE
ROCHE
ROCHE
ROCHE
ROCHE
ROCHE
ROCHE
ROCHE
# ligne 7
ROCHE
ROCHE
ROCHE
ROCHE
ROCHE
ROCHE
TERRAIN_LIBRE
ROCHE
ROCHE
TERRAIN_LIBRE
ROCHE
ROCHE
TERRAIN_LIBRE
ROCHE
ROCHE
ROCHE
ROCHE
ROCHE
ROCHE
ROCHE
# ligne 8
ROCHE
ROCHE
ROCHE
ROCHE
ROCHE
ROCHE
TERRAIN_LIBRE
ROCHE
TERRAIN_LIBRE
TERRAIN_LIBRE
TERRAIN_LIBRE
ROCHE
TERRAIN_LIBRE
ROCHE
ROCHE
ROCHE
ROCHE
ROCHE
ROCHE
ROCHE
# ligne 9
FORET
FORET
FORET
FORET
FORET
ROCHE
TERRAIN_LIBRE
TERRAIN_LIBRE
TERRAIN_LIBRE
ROCHE
TERRAIN_LIBRE
TERRAIN_LIBRE
TERRAIN_LIBRE
ROCHE
FORET
FORET
FORET
FORET
FORET
FORET
# ligne 10
ROCHE
ROCHE
ROCHE
ROCHE
ROCHE
ROCHE
ROCHE
TERRAIN_LIBRE
TERRAIN_LIBRE
TERRAIN_LIBRE
TERRAIN_LIBRE
TERRAIN_LIBRE
ROCHE
ROCHE
ROCHE
ROCHE
ROCHE
ROCHE
ROCHE
ROCHE
# ligne 11
ROCHE
ROCHE
ROCHE
ROCHE
ROCHE
ROCHE
ROCHE
TERRAIN_LIBRE
TERRAIN_LIBRE
TERRAIN_LIBRE
TERRAIN_LIBRE
TERRAIN_LIBRE
ROCHE
ROCHE
ROCHE
ROCHE
ROCHE
ROCHE
ROCHE
ROCHE
# ligne 12
ROCHE
ROCHE
ROCHE
ROCHE
ROCHE
ROCHE
TERRAIN_LIBRE
TERRAIN_LIBRE
ROCHE
TERRAIN_LIBRE
ROCHE
TERRAIN_LIBRE
TERRAIN_LIBRE
ROCHE
ROCHE
ROCHE
ROCHE
ROCHE
ROCHE
ROCHE
# ligne 13
ROCHE
ROCHE
ROCHE
ROCHE
ROCHE
TERRAIN_LIBRE
ROCHE
ROCHE
TERRAIN_LIBRE
ROCHE
TERRAIN_LIBRE
ROCHE
ROCHE
TERRAIN_LIBRE
ROCHE
ROCHE
ROCHE
ROCHE
ROCHE
ROCHE
# ligne 14
ROCHE
ROCHE
ROCHE
TERRAIN_LIBRE
TERRAIN_LIBRE
ROCHE
ROCHE
TERRAIN_LIBRE
TERRAIN_LIBRE
TERRAIN_LIBRE
TERRAIN_LIBRE
TERRAIN_LIBRE
ROCHE
ROCHE
TERRAIN_LIBRE
TERRAIN_LIBRE
ROCHE
ROCHE
ROCHE
ROCHE
# ligne 15
ROCHE
ROCHE
ROCHE
ROCHE
TERRAIN_LIBRE
ROCHE
ROCHE
ROCHE
ROCHE
ROCHE
ROCHE
ROCHE
ROCHE
ROCHE
TERRAIN_LIBRE
ROCHE
ROCHE
ROCHE
ROCHE
ROCHE
# ligne 16
ROCHE
ROCHE
ROCHE
ROCHE
ROCHE
ROCHE
ROCHE
ROCHE
ROCHE
ROCHE
ROCHE
ROCHE
ROCHE
ROCHE
ROCHE
ROCHE
ROCHE
ROCHE
ROCHE
ROCHE
# ligne 17
ROCHE
ROCHE
ROCHE
TERRAIN_LIBRE
TERRAIN_LIBRE
TERRAIN_LIBRE
ROCHE
TERRAIN_LIBRE
TERRAIN_LIBRE
ROCHE
TERRAIN_LIBRE
TERRAIN_LIBRE
TERRAIN_LIBRE
ROCHE
TERRAIN_LIBRE
TERRAIN_LIBRE
TERRAIN_LIBRE
ROCHE
ROCHE
ROCHE
# ligne 18
ROCHE
ROCHE
ROCHE
TERRAIN_LIBRE
TERRAIN_LIBRE
TERRAIN_LIBRE
ROCHE
TERRAIN_LIBRE
TERRAIN_LIBRE
ROCHE
TERRAIN_LIBRE
ROCHE
TERRAIN_LIBRE
ROCHE
TERRAIN_LIBRE
ROCHE
TERRAIN_LIBRE
ROCHE
ROCHE
ROCHE
# ligne 19
EAU
ROCHE
ROCHE
TERRAIN_LIBRE
ROCHE
TERRAIN_LIBRE
ROCHE
TERRAIN_LIBRE
ROCHE
ROCHE
TERRAIN_LIBRE
TERRAIN_LIBRE
TERRAIN_LIBRE
ROCHE
TERRAIN_LIBRE
TERRAIN_LIBRE
TERRAIN_LIBRE
ROCHE
ROCHE
EAU

# Incendies
11
9 0 100000
9 1 100000
9 2 20000
9 3 10000
9 4 10000
9 14 10000
9 15 10000
9 16 20000
9 17 20000
9 18 100000
9 19 100000

# Robots
6
0 0 PATTES
0 8 DRONE
0 9 DRONE
0 10 DRONE
0 19 PATTES
9 9 PATTES

