# Carte générée par l'éditeur simpliste
20 20 100
# ligne 0
FORET
FORET
TERRAIN_LIBRE
TERRAIN_LIBRE
TERRAIN_LIBRE
TERRAIN_LIBRE
TERRAIN_LIBRE
TERRAIN_LIBRE
TERRAIN_LIBRE
TERRAIN_LIBRE
TERRAIN_LIBRE
TERRAIN_LIBRE
TERRAIN_LIBRE
TERRAIN_LIBRE
TERRAIN_LIBRE
TERRAIN_LIBRE
TERRAIN_LIBRE
TERRAIN_LIBRE
FORET
FORET
# ligne 1
FORET
FORET
TERRAIN_LIBRE
TERRAIN_LIBRE
TERRAIN_LIBRE
TERRAIN_LIBRE
TERRAIN_LIBRE
FORET
FORET
FORET
FORET
FORET
FORET
TERRAIN_LIBRE
TERRAIN_LIBRE
TERRAIN_LIBRE
TERRAIN_LIBRE
TERRAIN_LIBRE
FORET
FORET
# ligne 2
TERRAIN_LIBRE
TERRAIN_LIBRE
TERRAIN_LIBRE
TERRAIN_LIBRE
TERRAIN_LIBRE
FORET
FORET
FORET
TERRAIN_LIBRE
HABITAT
HABITAT
TERRAIN_LIBRE
FORET
FORET
FORET
TERRAIN_LIBRE
TERRAIN_LIBRE
TERRAIN_LIBRE
TERRAIN_LIBRE
TERRAIN_LIBRE
# ligne 3
TERRAIN_LIBRE
TERRAIN_LIBRE
TERRAIN_LIBRE
TERRAIN_LIBRE
FORET
FORET
TERRAIN_LIBRE
TERRAIN_LIBRE
TERRAIN_LIBRE
HABITAT
HABITAT
TERRAIN_LIBRE
TERRAIN_LIBRE
TERRAIN_LIBRE
FORET
FORET
TERRAIN_LIBRE
TERRAIN_LIBRE
TERRAIN_LIBRE
TERRAIN_LIBRE
# ligne 4
TERRAIN_LIBRE
TERRAIN_LIBRE
TERRAIN_LIBRE
FORET
FORET
HABITAT
TERRAIN_LIBRE
TERRAIN_LIBRE
HABITAT
HABITAT
HABITAT
HABITAT
TERRAIN_LIBRE
TERRAIN_LIBRE
HABITAT
FORET
FORET
TERRAIN_LIBRE
TERRAIN_LIBRE
TERRAIN_LIBRE
# ligne 5
TERRAIN_LIBRE
TERRAIN_LIBRE
TERRAIN_LIBRE
FORET
TERRAIN_LIBRE
HABITAT
HABITAT
HABITAT
HABITAT
HABITAT
HABITAT
HABITAT
HABITAT
HABITAT
HABITAT
TERRAIN_LIBRE
FORET
TERRAIN_LIBRE
TERRAIN_LIBRE
TERRAIN_LIBRE
# ligne 6
TERRAIN_LIBRE
TERRAIN_LIBRE
FORET
FORET
TERRAIN_LIBRE
TERRAIN_LIBRE
HABITAT
HABITAT
TERRAIN_LIBRE
TERRAIN_LIBRE
TERRAIN_LIBRE
TERRAIN_LIBRE
HABITAT
HABITAT
TERRAIN_LIBRE
TERRAIN_LIBRE
FORET
FORET
TERRAIN_LIBRE
TERRAIN_LIBRE
# ligne 7
TERRAIN_LIBRE
TERRAIN_LIBRE
FORET
TERRAIN_LIBRE
TERRAIN_LIBRE
TERRAIN_LIBRE
HABITAT
TERRAIN_LIBRE
TERRAIN_LIBRE
TERRAIN_LIBRE
TERRAIN_LIBRE
TERRAIN_LIBRE
TERRAIN_LIBRE
HABITAT
TERRAIN_LIBRE
TERRAIN_LIBRE
TERRAIN_LIBRE
FORET
TERRAIN_LIBRE
TERRAIN_LIBRE
# ligne 8
TERRAIN_LIBRE
TERRAIN_LIBRE
FORET
TERRAIN_LIBRE
TERRAIN_LIBRE
TERRAIN_LIBRE
HABITAT
TERRAIN_LIBRE
TERRAIN_LIBRE
EAU
EAU
TERRAIN_LIBRE
TERRAIN_LIBRE
HABITAT
TERRAIN_LIBRE
TERRAIN_LIBRE
TERRAIN_LIBRE
FORET
TERRAIN_LIBRE
TERRAIN_LIBRE
# ligne 9
TERRAIN_LIBRE
TERRAIN_LIBRE
FORET
TERRAIN_LIBRE
TERRAIN_LIBRE
HABITAT
HABITAT
TERRAIN_LIBRE
TERRAIN_LIBRE
EAU
EAU
TERRAIN_LIBRE
TERRAIN_LIBRE
HABITAT
HABITAT
TERRAIN_LIBRE
TERRAIN_LIBRE
FORET
TERRAIN_LIBRE
TERRAIN_LIBRE
# ligne 10
TERRAIN_LIBRE
TERRAIN_LIBRE
FORET
HABITAT
HABITAT
HABITAT
HABITAT
HABITAT
TERRAIN_LIBRE
TERRAIN_LIBRE
TERRAIN_LIBRE
TERRAIN_LIBRE
HABITAT
HABITAT
HABITAT
HABITAT
HABITAT
FORET
TERRAIN_LIBRE
TERRAIN_LIBRE
# ligne 11
TERRAIN_LIBRE
TERRAIN_LIBRE
FORET
HABITAT
HABITAT
FORET
FORET
FORET
FORET
TERRAIN_LIBRE
TERRAIN_LIBRE
FORET
FORET
FORET
FORET
HABITAT
HABITAT
FORET
TERRAIN_LIBRE
TERRAIN_LIBRE
# ligne 12
TERRAIN_LIBRE
TERRAIN_LIBRE
FORET
FORET
FORET
FORET
TERRAIN_LIBRE
TERRAIN_LIBRE
FORET
TERRAIN_LIBRE
TERRAIN_LIBRE
FORET
TERRAIN_LIBRE
TERRAIN_LIBRE
FORET
FORET
FORET
FORET
TERRAIN_LIBRE
TERRAIN_LIBRE
# ligne 13
TERRAIN_LIBRE
TERRAIN_LIBRE
TERRAIN_LIBRE
FORET
FORET
TERRAIN_LIBRE
TERRAIN_LIBRE
TERRAIN_LIBRE
FORET
TERRAIN_LIBRE
TERRAIN_LIBRE
FORET
TERRAIN_LIBRE
TERRAIN_LIBRE
TERRAIN_LIBRE
FORET
FORET
TERRAIN_LIBRE
TERRAIN_LIBRE
TERRAIN_LIBRE
# ligne 14
TERRAIN_LIBRE
TERRAIN_LIBRE
TERRAIN_LIBRE
TERRAIN_LIBRE
FORET
TERRAIN_LIBRE
TERRAIN_LIBRE
TERRAIN_LIBRE
TERRAIN_LIBRE
TERRAIN_LIBRE
TERRAIN_LIBRE
TERRAIN_LIBRE
TERRAIN_LIBRE
TERRAIN_LIBRE
TERRAIN_LIBRE
FORET
TERRAIN_LIBRE
TERRAIN_LIBRE
TERRAIN_LIBRE
TERRAIN_LIBRE
# ligne 15
TERRAIN_LIBRE
TERRAIN_LIBRE
TERRAIN_LIBRE
TERRAIN_LIBRE
FORET
FORET
TERRAIN_LIBRE
TERRAIN_LIBRE
TERRAIN_LIBRE
TERRAIN_LIBRE
TERRAIN_LIBRE
TERRAIN_LIBRE
TERRAIN_LIBRE
TERRAIN_LIBRE
FORET
FORET
TERRAIN_LIBRE
TERRAIN_LIBRE
TERRAIN_LIBRE
TERRAIN_LIBRE
# ligne 16
TERRAIN_LIBRE
TERRAIN_LIBRE
TERRAIN_LIBRE
TERRAIN_LIBRE
TERRAIN_LIBRE
FORET
FORET
FORET
TERRAIN_LIBRE
FORET
FORET
TERRAIN_LIBRE
FORET
FORET
FORET
TERRAIN_LIBRE
TERRAIN_LIBRE
TERRAIN_LIBRE
TERRAIN_LIBRE
TERRAIN_LIBRE
# ligne 17
TERRAIN_LIBRE
TERRAIN_LIBRE
TERRAIN_LIBRE
TERRAIN_LIBRE
TERRAIN_LIBRE
TERRAIN_LIBRE
TERRAIN_LIBRE
TERRAIN_LIBRE
TERRAIN_LIBRE
TERRAIN_LIBRE
TERRAIN_LIBRE
TERRAIN_LIBRE
TERRAIN_LIBRE
TERRAIN_LIBRE
TERRAIN_LIBRE
TERRAIN_LIBRE
TERRAIN_LIBRE
TERRAIN_LIBRE
TERRAIN_LIBRE
TERRAIN_LIBRE
# ligne 18
FORET
FORET
TERRAIN_LIBRE
TERRAIN_LIBRE
TERRAIN_LIBRE
TERRAIN_LIBRE
TERRAIN_LIBRE
TERRAIN_LIBRE
TERRAIN_LIBRE
TERRAIN_LIBRE
TERRAIN_LIBRE
TERRAIN_LIBRE
TERRAIN_LIBRE
TERRAIN_LIBRE
TERRAIN_LIBRE
TERRAIN_LIBRE
TERRAIN_LIBRE
TERRAIN_LIBRE
FORET
FORET
# ligne 19
FORET
FORET
TERRAIN_LIBRE
TERRAIN_LIBRE
TERRAIN_LIBRE
TERRAIN_LIBRE
TERRAIN_LIBRE
TERRAIN_LIBRE
TERRAIN_LIBRE
TERRAIN_LIBRE
TERRAIN_LIBRE
TERRAIN_LIBRE
TERRAIN_LIBRE
TERRAIN_LIBRE
TERRAIN_LIBRE
TERRAIN_LIBRE
TERRAIN_LIBRE
TERRAIN_LIBRE
FORET
FORET

# Incendies
16
0 0 4000
0 1 4000
0 18 8000
0 19 8000
1 0 4000
1 1 4000
1 18 8000
1 19 8000
18 0 20000
18 1 20000
18 18 16000
18 19 16000
19 0 20000
19 1 20000
19 18 16000
19 19 16000

# Robots
4
7 8 ROUES
7 9 DRONE
7 10 PATTES
7 11 CHENILLES

